   Compiling raft-core v0.1.0 (C:\Users\yuvis\OneDrive\Desktop\Weekend\antigravity\titan-distributed-sqlite\crates\raft-core)
    Finished `test` profile [unoptimized + debuginfo] target(s) in 1.02s
     Running unittests src\lib.rs (target\debug\deps\raft_core-b94d25533aeca1c7.exe)

running 4 tests
test tests::single_node_bootstrap ... ok
test tests::test_leader_failover_and_recovery ... ok
test tests::three_node_cluster_election_and_replicate ... ok
test tests::test_network_partition_chaos ... FAILED

failures:

---- tests::test_network_partition_chaos stdout ----

thread 'tests::test_network_partition_chaos' (29340) panicked at crates\raft-core\src\lib.rs:501:9:
assertion `left == right` failed
  left: 1
 right: 0
note: run with `RUST_BACKTRACE=1` environment variable to display a backtrace


failures:
    tests::test_network_partition_chaos

test result: FAILED. 3 passed; 1 failed; 0 ignored; 0 measured; 0 filtered out; finished in 0.00s

error: test failed, to rerun pass `-p raft-core --lib`
